Archive member included to satisfy reference by file (symbol)

c:/st/stm32cubeide_1.2.0/stm32cubeide/plugins/com.st.stm32cube.ide.mcu.externaltools.gnu-tools-for-stm32.7-2018-q2-update.win32_1.0.0.201904181610/tools/bin/../lib/gcc/arm-none-eabi/7.3.1/../../../../arm-none-eabi/lib/thumb/v7e-m/fpv4-sp/hard\libc_nano.a(lib_a-errno.o)
                              Core/Src/syscalls.o (__errno)
c:/st/stm32cubeide_1.2.0/stm32cubeide/plugins/com.st.stm32cube.ide.mcu.externaltools.gnu-tools-for-stm32.7-2018-q2-update.win32_1.0.0.201904181610/tools/bin/../lib/gcc/arm-none-eabi/7.3.1/../../../../arm-none-eabi/lib/thumb/v7e-m/fpv4-sp/hard\libc_nano.a(lib_a-exit.o)
                              c:/st/stm32cubeide_1.2.0/stm32cubeide/plugins/com.st.stm32cube.ide.mcu.externaltools.gnu-tools-for-stm32.7-2018-q2-update.win32_1.0.0.201904181610/tools/bin/../lib/gcc/arm-none-eabi/7.3.1/../../../../arm-none-eabi/lib/thumb/v7e-m/fpv4-sp/hard/crt0.o (exit)
c:/st/stm32cubeide_1.2.0/stm32cubeide/plugins/com.st.stm32cube.ide.mcu.externaltools.gnu-tools-for-stm32.7-2018-q2-update.win32_1.0.0.201904181610/tools/bin/../lib/gcc/arm-none-eabi/7.3.1/../../../../arm-none-eabi/lib/thumb/v7e-m/fpv4-sp/hard\libc_nano.a(lib_a-impure.o)
                              c:/st/stm32cubeide_1.2.0/stm32cubeide/plugins/com.st.stm32cube.ide.mcu.externaltools.gnu-tools-for-stm32.7-2018-q2-update.win32_1.0.0.201904181610/tools/bin/../lib/gcc/arm-none-eabi/7.3.1/../../../../arm-none-eabi/lib/thumb/v7e-m/fpv4-sp/hard\libc_nano.a(lib_a-exit.o) (_global_impure_ptr)
c:/st/stm32cubeide_1.2.0/stm32cubeide/plugins/com.st.stm32cube.ide.mcu.externaltools.gnu-tools-for-stm32.7-2018-q2-update.win32_1.0.0.201904181610/tools/bin/../lib/gcc/arm-none-eabi/7.3.1/../../../../arm-none-eabi/lib/thumb/v7e-m/fpv4-sp/hard\libc_nano.a(lib_a-init.o)
                              c:/st/stm32cubeide_1.2.0/stm32cubeide/plugins/com.st.stm32cube.ide.mcu.externaltools.gnu-tools-for-stm32.7-2018-q2-update.win32_1.0.0.201904181610/tools/bin/../lib/gcc/arm-none-eabi/7.3.1/../../../../arm-none-eabi/lib/thumb/v7e-m/fpv4-sp/hard/crt0.o (__libc_init_array)
c:/st/stm32cubeide_1.2.0/stm32cubeide/plugins/com.st.stm32cube.ide.mcu.externaltools.gnu-tools-for-stm32.7-2018-q2-update.win32_1.0.0.201904181610/tools/bin/../lib/gcc/arm-none-eabi/7.3.1/../../../../arm-none-eabi/lib/thumb/v7e-m/fpv4-sp/hard\libc_nano.a(lib_a-memset.o)
                              c:/st/stm32cubeide_1.2.0/stm32cubeide/plugins/com.st.stm32cube.ide.mcu.externaltools.gnu-tools-for-stm32.7-2018-q2-update.win32_1.0.0.201904181610/tools/bin/../lib/gcc/arm-none-eabi/7.3.1/../../../../arm-none-eabi/lib/thumb/v7e-m/fpv4-sp/hard/crt0.o (memset)
c:/st/stm32cubeide_1.2.0/stm32cubeide/plugins/com.st.stm32cube.ide.mcu.externaltools.gnu-tools-for-stm32.7-2018-q2-update.win32_1.0.0.201904181610/tools/bin/../lib/gcc/arm-none-eabi/7.3.1/thumb/v7e-m/fpv4-sp/hard\libgcc.a(_aeabi_uldivmod.o)
                              Drivers/STM32F4xx_HAL_Driver/Src/stm32f4xx_hal_rcc.o (__aeabi_uldivmod)
c:/st/stm32cubeide_1.2.0/stm32cubeide/plugins/com.st.stm32cube.ide.mcu.externaltools.gnu-tools-for-stm32.7-2018-q2-update.win32_1.0.0.201904181610/tools/bin/../lib/gcc/arm-none-eabi/7.3.1/thumb/v7e-m/fpv4-sp/hard\libgcc.a(_udivmoddi4.o)
                              c:/st/stm32cubeide_1.2.0/stm32cubeide/plugins/com.st.stm32cube.ide.mcu.externaltools.gnu-tools-for-stm32.7-2018-q2-update.win32_1.0.0.201904181610/tools/bin/../lib/gcc/arm-none-eabi/7.3.1/thumb/v7e-m/fpv4-sp/hard\libgcc.a(_aeabi_uldivmod.o) (__udivmoddi4)
c:/st/stm32cubeide_1.2.0/stm32cubeide/plugins/com.st.stm32cube.ide.mcu.externaltools.gnu-tools-for-stm32.7-2018-q2-update.win32_1.0.0.201904181610/tools/bin/../lib/gcc/arm-none-eabi/7.3.1/thumb/v7e-m/fpv4-sp/hard\libgcc.a(_dvmd_tls.o)
                              c:/st/stm32cubeide_1.2.0/stm32cubeide/plugins/com.st.stm32cube.ide.mcu.externaltools.gnu-tools-for-stm32.7-2018-q2-update.win32_1.0.0.201904181610/tools/bin/../lib/gcc/arm-none-eabi/7.3.1/thumb/v7e-m/fpv4-sp/hard\libgcc.a(_aeabi_uldivmod.o) (__aeabi_ldiv0)

Allocating common symbols
Common symbol       size              file

huart3              0x40              Core/Src/main.o
hcrc                0x8               Core/Src/main.o
uwTick              0x4               Drivers/STM32F4xx_HAL_Driver/Src/stm32f4xx_hal.o
pFlash              0x20              Drivers/STM32F4xx_HAL_Driver/Src/stm32f4xx_hal_flash.o
huart1              0x40              Core/Src/main.o
bl_rx_buffer        0xc8              Core/Src/main.o

Discarded input sections

 .text          0x0000000000000000        0x0 c:/st/stm32cubeide_1.2.0/stm32cubeide/plugins/com.st.stm32cube.ide.mcu.externaltools.gnu-tools-for-stm32.7-2018-q2-update.win32_1.0.0.201904181610/tools/bin/../lib/gcc/arm-none-eabi/7.3.1/thumb/v7e-m/fpv4-sp/hard/crti.o
[...]
Memory Configuration

Name             Origin             Length             Attributes
CCMRAM           0x0000000010000000 0x0000000000010000 xrw
RAM              0x0000000020000000 0x0000000000030000 xrw
FLASH            0x0000000008000000 0x0000000000200000 xr
*default*        0x0000000000000000 0xffffffffffffffff

Linker script and memory map

LOAD c:/st/stm32cubeide_1.2.0/stm32cubeide/plugins/com.st.stm32cube.ide.mcu.externaltools.gnu-tools-for-stm32.7-2018-q2-update.win32_1.0.0.201904181610/tools/bin/../lib/gcc/arm-none-eabi/7.3.1/thumb/v7e-m/fpv4-sp/hard/crti.o
LOAD c:/st/stm32cubeide_1.2.0/stm32cubeide/plugins/com.st.stm32cube.ide.mcu.externaltools.gnu-tools-for-stm32.7-2018-q2-update.win32_1.0.0.201904181610/tools/bin/../lib/gcc/arm-none-eabi/7.3.1/thumb/v7e-m/fpv4-sp/hard/crtbegin.o
LOAD c:/st/stm32cubeide_1.2.0/stm32cubeide/plugins/com.st.stm32cube.ide.mcu.externaltools.gnu-tools-for-stm32.7-2018-q2-update.win32_1.0.0.201904181610/tools/bin/../lib/gcc/arm-none-eabi/7.3.1/../../../../arm-none-eabi/lib/thumb/v7e-m/fpv4-sp/hard/crt0.o
LOAD Core/Src/main.o
LOAD Core/Src/stm32f4xx_hal_msp.o
LOAD Core/Src/stm32f4xx_it.o
LOAD Core/Src/syscalls.o
LOAD Core/Src/sysmem.o
LOAD Core/Src/system_stm32f4xx.o
LOAD Core/Startup/startup_stm32f429zitx.o
LOAD Drivers/STM32F4xx_HAL_Driver/Src/stm32f4xx_hal.o
LOAD Drivers/STM32F4xx_HAL_Driver/Src/stm32f4xx_hal_cortex.o
LOAD Drivers/STM32F4xx_HAL_Driver/Src/stm32f4xx_hal_crc.o
LOAD Drivers/STM32F4xx_HAL_Driver/Src/stm32f4xx_hal_dma.o
LOAD Drivers/STM32F4xx_HAL_Driver/Src/stm32f4xx_hal_dma_ex.o
LOAD Drivers/STM32F4xx_HAL_Driver/Src/stm32f4xx_hal_exti.o
LOAD Drivers/STM32F4xx_HAL_Driver/Src/stm32f4xx_hal_flash.o
LOAD Drivers/STM32F4xx_HAL_Driver/Src/stm32f4xx_hal_flash_ex.o
LOAD Drivers/STM32F4xx_HAL_Driver/Src/stm32f4xx_hal_flash_ramfunc.o
LOAD Drivers/STM32F4xx_HAL_Driver/Src/stm32f4xx_hal_gpio.o
LOAD Drivers/STM32F4xx_HAL_Driver/Src/stm32f4xx_hal_pwr.o
LOAD Drivers/STM32F4xx_HAL_Driver/Src/stm32f4xx_hal_pwr_ex.o
LOAD Drivers/STM32F4xx_HAL_Driver/Src/stm32f4xx_hal_rcc.o
LOAD Drivers/STM32F4xx_HAL_Driver/Src/stm32f4xx_hal_rcc_ex.o
LOAD Drivers/STM32F4xx_HAL_Driver/Src/stm32f4xx_hal_tim.o
LOAD Drivers/STM32F4xx_HAL_Driver/Src/stm32f4xx_hal_tim_ex.o
LOAD Drivers/STM32F4xx_HAL_Driver/Src/stm32f4xx_hal_uart.o
START GROUP
LOAD c:/st/stm32cubeide_1.2.0/stm32cubeide/plugins/com.st.stm32cube.ide.mcu.externaltools.gnu-tools-for-stm32.7-2018-q2-update.win32_1.0.0.201904181610/tools/bin/../lib/gcc/arm-none-eabi/7.3.1/../../../../arm-none-eabi/lib/thumb/v7e-m/fpv4-sp/hard\libc_nano.a
LOAD c:/st/stm32cubeide_1.2.0/stm32cubeide/plugins/com.st.stm32cube.ide.mcu.externaltools.gnu-tools-for-stm32.7-2018-q2-update.win32_1.0.0.201904181610/tools/bin/../lib/gcc/arm-none-eabi/7.3.1/../../../../arm-none-eabi/lib/thumb/v7e-m/fpv4-sp/hard\libm.a
END GROUP
START GROUP
LOAD c:/st/stm32cubeide_1.2.0/stm32cubeide/plugins/com.st.stm32cube.ide.mcu.externaltools.gnu-tools-for-stm32.7-2018-q2-update.win32_1.0.0.201904181610/tools/bin/../lib/gcc/arm-none-eabi/7.3.1/thumb/v7e-m/fpv4-sp/hard\libgcc.a
LOAD c:/st/stm32cubeide_1.2.0/stm32cubeide/plugins/com.st.stm32cube.ide.mcu.externaltools.gnu-tools-for-stm32.7-2018-q2-update.win32_1.0.0.201904181610/tools/bin/../lib/gcc/arm-none-eabi/7.3.1/../../../../arm-none-eabi/lib/thumb/v7e-m/fpv4-sp/hard\libc_nano.a
END GROUP
START GROUP
LOAD c:/st/stm32cubeide_1.2.0/stm32cubeide/plugins/com.st.stm32cube.ide.mcu.externaltools.gnu-tools-for-stm32.7-2018-q2-update.win32_1.0.0.201904181610/tools/bin/../lib/gcc/arm-none-eabi/7.3.1/thumb/v7e-m/fpv4-sp/hard\libgcc.a
LOAD c:/st/stm32cubeide_1.2.0/stm32cubeide/plugins/com.st.stm32cube.ide.mcu.externaltools.gnu-tools-for-stm32.7-2018-q2-update.win32_1.0.0.201904181610/tools/bin/../lib/gcc/arm-none-eabi/7.3.1/../../../../arm-none-eabi/lib/thumb/v7e-m/fpv4-sp/hard\libc_nano.a
LOAD c:/st/stm32cubeide_1.2.0/stm32cubeide/plugins/com.st.stm32cube.ide.mcu.externaltools.gnu-tools-for-stm32.7-2018-q2-update.win32_1.0.0.201904181610/tools/bin/../lib/gcc/arm-none-eabi/7.3.1/../../../../arm-none-eabi/lib/thumb/v7e-m/fpv4-sp/hard\libnosys.a
END GROUP
START GROUP
LOAD c:/st/stm32cubeide_1.2.0/stm32cubeide/plugins/com.st.stm32cube.ide.mcu.externaltools.gnu-tools-for-stm32.7-2018-q2-update.win32_1.0.0.201904181610/tools/bin/../lib/gcc/arm-none-eabi/7.3.1/thumb/v7e-m/fpv4-sp/hard\libgcc.a
LOAD c:/st/stm32cubeide_1.2.0/stm32cubeide/plugins/com.st.stm32cube.ide.mcu.externaltools.gnu-tools-for-stm32.7-2018-q2-update.win32_1.0.0.201904181610/tools/bin/../lib/gcc/arm-none-eabi/7.3.1/../../../../arm-none-eabi/lib/thumb/v7e-m/fpv4-sp/hard\libc_nano.a
LOAD c:/st/stm32cubeide_1.2.0/stm32cubeide/plugins/com.st.stm32cube.ide.mcu.externaltools.gnu-tools-for-stm32.7-2018-q2-update.win32_1.0.0.201904181610/tools/bin/../lib/gcc/arm-none-eabi/7.3.1/../../../../arm-none-eabi/lib/thumb/v7e-m/fpv4-sp/hard\libnosys.a
END GROUP
LOAD c:/st/stm32cubeide_1.2.0/stm32cubeide/plugins/com.st.stm32cube.ide.mcu.externaltools.gnu-tools-for-stm32.7-2018-q2-update.win32_1.0.0.201904181610/tools/bin/../lib/gcc/arm-none-eabi/7.3.1/thumb/v7e-m/fpv4-sp/hard/crtend.o
LOAD c:/st/stm32cubeide_1.2.0/stm32cubeide/plugins/com.st.stm32cube.ide.mcu.externaltools.gnu-tools-for-stm32.7-2018-q2-update.win32_1.0.0.201904181610/tools/bin/../lib/gcc/arm-none-eabi/7.3.1/thumb/v7e-m/fpv4-sp/hard/crtn.o
                0x0000000020030000                _estack = (ORIGIN (RAM) + LENGTH (RAM))
                0x0000000000000200                _Min_Heap_Size = 0x200
                0x0000000000000400                _Min_Stack_Size = 0x400

.isr_vector     0x0000000008000000      0x1ac
                0x0000000008000000                . = ALIGN (0x4)
 *(.isr_vector)
 .isr_vector    0x0000000008000000      0x1ac Core/Startup/startup_stm32f429zitx.o
                0x0000000008000000                g_pfnVectors
                0x00000000080001ac                . = ALIGN (0x4)

.text           0x00000000080001ac     0x380c
                0x00000000080001ac                . = ALIGN (0x4)
 *(.text)
 .text          0x00000000080001ac       0x40 c:/st/stm32cubeide_1.2.0/stm32cubeide/plugins/com.st.stm32cube.ide.mcu.externaltools.gnu-tools-for-stm32.7-2018-q2-update.win32_1.0.0.201904181610/tools/bin/../lib/gcc/arm-none-eabi/7.3.1/thumb/v7e-m/fpv4-sp/hard/crtbegin.o
 .text          0x00000000080001ec       0x30 c:/st/stm32cubeide_1.2.0/stm32cubeide/plugins/com.st.stm32cube.ide.mcu.externaltools.gnu-tools-for-stm32.7-2018-q2-update.win32_1.0.0.201904181610/tools/bin/../lib/gcc/arm-none-eabi/7.3.1/thumb/v7e-m/fpv4-sp/hard\libgcc.a(_aeabi_uldivmod.o)
                0x00000000080001ec                __aeabi_uldivmod
 .text          0x000000000800021c      0x2cc c:/st/stm32cubeide_1.2.0/stm32cubeide/plugins/com.st.stm32cube.ide.mcu.externaltools.gnu-tools-for-stm32.7-2018-q2-update.win32_1.0.0.201904181610/tools/bin/../lib/gcc/arm-none-eabi/7.3.1/thumb/v7e-m/fpv4-sp/hard\libgcc.a(_udivmoddi4.o)
                0x000000000800021c                __udivmoddi4
 .text          0x00000000080004e8        0x4 c:/st/stm32cubeide_1.2.0/stm32cubeide/plugins/com.st.stm32cube.ide.mcu.externaltools.gnu-tools-for-stm32.7-2018-q2-update.win32_1.0.0.201904181610/tools/bin/../lib/gcc/arm-none-eabi/7.3.1/thumb/v7e-m/fpv4-sp/hard\libgcc.a(_dvmd_tls.o)
                0x00000000080004e8                __aeabi_idiv0
                0x00000000080004e8                __aeabi_ldiv0
 *(.text*)
 .text.main     0x00000000080004ec       0x54 Core/Src/main.o
                0x00000000080004ec                main
 .text.SystemClock_Config
                0x0000000008000540       0xe4 Core/Src/main.o
                0x0000000008000540                SystemClock_Config
 .text.MX_CRC_Init
                0x0000000008000624       0x30 Core/Src/main.o
 .text.MX_USART1_UART_Init
                0x0000000008000654       0x5c Core/Src/main.o
 .text.MX_USART3_UART_Init
                0x00000000080006b0       0x5c Core/Src/main.o
 .text.MX_GPIO_Init
                0x000000000800070c      0x114 Core/Src/main.o
 .text.bootloader_uart_read_data
                0x0000000008000820      0x104 Core/Src/main.o
                0x0000000008000820                bootloader_uart_read_data
 .text.bootloader_jump_to_user_app_1
                0x0000000008000924       0x64 Core/Src/main.o
                0x0000000008000924                bootloader_jump_to_user_app_1
 .text.printmsg
                0x0000000008000988       0x12 Core/Src/main.o
 *fill*         0x000000000800099a        0x2 
 .text.bootloader_handle_getver_cmd
                0x000000000800099c       0x90 Core/Src/main.o
                0x000000000800099c                bootloader_handle_getver_cmd
 .text.bootloader_handle_gethelp_cmd
                0x0000000008000a2c       0x78 Core/Src/main.o
                0x0000000008000a2c                bootloader_handle_gethelp_cmd
 .text.bootloader_handle_getcid_cmd
                0x0000000008000aa4       0x98 Core/Src/main.o
                0x0000000008000aa4                bootloader_handle_getcid_cmd
 .text.bootloader_handle_getrdp_cmd
                0x0000000008000b3c       0x98 Core/Src/main.o
                0x0000000008000b3c                bootloader_handle_getrdp_cmd
 .text.bootloader_handle_go_cmd
                0x0000000008000bd4       0xd4 Core/Src/main.o
                0x0000000008000bd4                bootloader_handle_go_cmd
 .text.bootloader_handle_flash_erase_cmd
                0x0000000008000ca8       0xd8 Core/Src/main.o
                0x0000000008000ca8                bootloader_handle_flash_erase_cmd
 .text.bootloader_handle_mem_write_cmd
                0x0000000008000d80      0x114 Core/Src/main.o
                0x0000000008000d80                bootloader_handle_mem_write_cmd
 .text.bootloader_handle_en_rw_protect
                0x0000000008000e94       0xa4 Core/Src/main.o
                0x0000000008000e94                bootloader_handle_en_rw_protect
 .text.bootloader_handle_dis_rw_protect
                0x0000000008000f38       0x98 Core/Src/main.o
                0x0000000008000f38                bootloader_handle_dis_rw_protect
 .text.bootloader_handle_mem_read
                0x0000000008000fd0       0x14 Core/Src/main.o
                0x0000000008000fd0                bootloader_handle_mem_read
 .text.bootloader_handle_read_sector_protection_status
                0x0000000008000fe4       0x90 Core/Src/main.o
                0x0000000008000fe4                bootloader_handle_read_sector_protection_status
 .text.bootloader_handle_read_otp
                0x0000000008001074       0x14 Core/Src/main.o
                0x0000000008001074                bootloader_handle_read_otp
 .text.bootloader_send_ack
                0x0000000008001088       0x34 Core/Src/main.o
                0x0000000008001088                bootloader_send_ack
 .text.bootloader_send_nack
                0x00000000080010bc       0x24 Core/Src/main.o
                0x00000000080010bc                bootloader_send_nack
 .text.bootloader_verify_crc
                0x00000000080010e0       0x68 Core/Src/main.o
                0x00000000080010e0                bootloader_verify_crc
 .text.bootloader_uart_write_data
                0x0000000008001148       0x28 Core/Src/main.o
                0x0000000008001148                bootloader_uart_write_data
 .text.get_bootloader_version
                0x0000000008001170       0x10 Core/Src/main.o
                0x0000000008001170                get_bootloader_version
 .text.get_mcu_chip_id
                0x0000000008001180       0x24 Core/Src/main.o
                0x0000000008001180                get_mcu_chip_id
 .text.get_flash_rdp_level
                0x00000000080011a4       0x28 Core/Src/main.o
                0x00000000080011a4                get_flash_rdp_level
 .text.verify_address
                0x00000000080011cc       0x7c Core/Src/main.o
                0x00000000080011cc                verify_address
 .text.execute_flash_erase
                0x0000000008001248       0x8e Core/Src/main.o
                0x0000000008001248                execute_flash_erase
 .text.execute_mem_write
                0x00000000080012d6       0x58 Core/Src/main.o
                0x00000000080012d6                execute_mem_write
 *fill*         0x000000000800132e        0x2 
 .text.configure_flash_sector_rw_protection
                0x0000000008001330      0x12c Core/Src/main.o
                0x0000000008001330                configure_flash_sector_rw_protection
 .text.read_OB_rw_protection_status
                0x000000000800145c       0x22 Core/Src/main.o
                0x000000000800145c                read_OB_rw_protection_status
 .text._Error_Handler
                0x000000000800147e        0xc Core/Src/main.o
                0x000000000800147e                _Error_Handler
 *fill*         0x000000000800148a        0x2 
 .text.HAL_MspInit
                0x000000000800148c       0x50 Core/Src/stm32f4xx_hal_msp.o
                0x000000000800148c                HAL_MspInit
 .text.HAL_CRC_MspInit
                0x00000000080014dc       0x44 Core/Src/stm32f4xx_hal_msp.o
                0x00000000080014dc                HAL_CRC_MspInit
 .text.HAL_UART_MspInit
                0x0000000008001520      0x100 Core/Src/stm32f4xx_hal_msp.o
                0x0000000008001520                HAL_UART_MspInit
 .text.NMI_Handler
                0x0000000008001620        0xe Core/Src/stm32f4xx_it.o
                0x0000000008001620                NMI_Handler
 .text.HardFault_Handler
                0x000000000800162e        0x6 Core/Src/stm32f4xx_it.o
                0x000000000800162e                HardFault_Handler
 .text.MemManage_Handler
                0x0000000008001634        0x6 Core/Src/stm32f4xx_it.o
                0x0000000008001634                MemManage_Handler
 .text.BusFault_Handler
                0x000000000800163a        0x6 Core/Src/stm32f4xx_it.o
                0x000000000800163a                BusFault_Handler
 .text.UsageFault_Handler
                0x0000000008001640        0x6 Core/Src/stm32f4xx_it.o
                0x0000000008001640                UsageFault_Handler
 .text.SVC_Handler
                0x0000000008001646        0xe Core/Src/stm32f4xx_it.o
                0x0000000008001646                SVC_Handler
 .text.DebugMon_Handler
                0x0000000008001654        0xe Core/Src/stm32f4xx_it.o
                0x0000000008001654                DebugMon_Handler
 .text.PendSV_Handler
                0x0000000008001662        0xe Core/Src/stm32f4xx_it.o
                0x0000000008001662                PendSV_Handler
 .text.SysTick_Handler
                0x0000000008001670        0xc Core/Src/stm32f4xx_it.o
                0x0000000008001670                SysTick_Handler
 .text.EXTI0_IRQHandler
                0x000000000800167c        0xe Core/Src/stm32f4xx_it.o
                0x000000000800167c                EXTI0_IRQHandler
 *fill*         0x000000000800168a        0x2 
 .text.SystemInit
                0x000000000800168c       0x2c Core/Src/system_stm32f4xx.o
                0x000000000800168c                SystemInit
 .text.Reset_Handler
                0x00000000080016b8       0x50 Core/Startup/startup_stm32f429zitx.o
                0x00000000080016b8                Reset_Handler
 .text.Default_Handler
                0x0000000008001708        0x2 Core/Startup/startup_stm32f429zitx.o
                0x0000000008001708                RTC_Alarm_IRQHandler
                0x0000000008001708                HASH_RNG_IRQHandler
                0x0000000008001708                EXTI2_IRQHandler
                0x0000000008001708                TIM8_CC_IRQHandler
                0x0000000008001708                UART8_IRQHandler
                0x0000000008001708                SPI4_IRQHandler
                0x0000000008001708                TIM1_CC_IRQHandler
                0x0000000008001708                DMA2_Stream5_IRQHandler
                0x0000000008001708                DMA1_Stream5_IRQHandler
                0x0000000008001708                PVD_IRQHandler
                0x0000000008001708                SDIO_IRQHandler
                0x0000000008001708                TAMP_STAMP_IRQHandler
                0x0000000008001708                CAN2_RX1_IRQHandler
                0x0000000008001708                EXTI3_IRQHandler
                0x0000000008001708                TIM8_TRG_COM_TIM14_IRQHandler
                0x0000000008001708                TIM1_UP_TIM10_IRQHandler
                0x0000000008001708                TIM8_UP_TIM13_IRQHandler
                0x0000000008001708                I2C3_ER_IRQHandler
                0x0000000008001708                I2C2_EV_IRQHandler
                0x0000000008001708                DMA1_Stream2_IRQHandler
                0x0000000008001708                CAN1_RX0_IRQHandler
                0x0000000008001708                FPU_IRQHandler
                0x0000000008001708                OTG_HS_WKUP_IRQHandler
                0x0000000008001708                LTDC_ER_IRQHandler
                0x0000000008001708                CAN2_SCE_IRQHandler
                0x0000000008001708                DMA2_Stream2_IRQHandler
                0x0000000008001708                SPI1_IRQHandler
                0x0000000008001708                TIM6_DAC_IRQHandler
                0x0000000008001708                TIM1_BRK_TIM9_IRQHandler
                0x0000000008001708                DCMI_IRQHandler
                0x0000000008001708                CAN2_RX0_IRQHandler
                0x0000000008001708                DMA2_Stream3_IRQHandler
                0x0000000008001708                USART6_IRQHandler
                0x0000000008001708                USART3_IRQHandler
                0x0000000008001708                CAN1_RX1_IRQHandler
                0x0000000008001708                UART5_IRQHandler
                0x0000000008001708                DMA2_Stream0_IRQHandler
                0x0000000008001708                TIM4_IRQHandler
                0x0000000008001708                I2C1_EV_IRQHandler
                0x0000000008001708                DMA1_Stream6_IRQHandler
                0x0000000008001708                DMA1_Stream1_IRQHandler
                0x0000000008001708                UART4_IRQHandler
                0x0000000008001708                TIM3_IRQHandler
                0x0000000008001708                RCC_IRQHandler
                0x0000000008001708                TIM8_BRK_TIM12_IRQHandler
                0x0000000008001708                Default_Handler
                0x0000000008001708                EXTI15_10_IRQHandler
                0x0000000008001708                ADC_IRQHandler
                0x0000000008001708                DMA1_Stream7_IRQHandler
                0x0000000008001708                SPI5_IRQHandler
                0x0000000008001708                TIM7_IRQHandler
                0x0000000008001708                CAN2_TX_IRQHandler
                0x0000000008001708                TIM5_IRQHandler
                0x0000000008001708                DMA2_Stream7_IRQHandler
                0x0000000008001708                I2C3_EV_IRQHandler
                0x0000000008001708                EXTI9_5_IRQHandler
                0x0000000008001708                RTC_WKUP_IRQHandler
                0x0000000008001708                LTDC_IRQHandler
                0x0000000008001708                ETH_WKUP_IRQHandler
                0x0000000008001708                SPI2_IRQHandler
                0x0000000008001708                OTG_HS_EP1_IN_IRQHandler
                0x0000000008001708                DMA1_Stream0_IRQHandler
                0x0000000008001708                CAN1_TX_IRQHandler
                0x0000000008001708                EXTI4_IRQHandler
                0x0000000008001708                ETH_IRQHandler
                0x0000000008001708                OTG_HS_EP1_OUT_IRQHandler
                0x0000000008001708                WWDG_IRQHandler
                0x0000000008001708                SPI6_IRQHandler
                0x0000000008001708                TIM2_IRQHandler
                0x0000000008001708                OTG_FS_WKUP_IRQHandler
                0x0000000008001708                TIM1_TRG_COM_TIM11_IRQHandler
                0x0000000008001708                OTG_HS_IRQHandler
                0x0000000008001708                DMA2D_IRQHandler
                0x0000000008001708                EXTI1_IRQHandler
                0x0000000008001708                UART7_IRQHandler
                0x0000000008001708                USART2_IRQHandler
                0x0000000008001708                I2C2_ER_IRQHandler
                0x0000000008001708                DMA2_Stream1_IRQHandler
                0x0000000008001708                CAN1_SCE_IRQHandler
                0x0000000008001708                FLASH_IRQHandler
                0x0000000008001708                DMA2_Stream4_IRQHandler
                0x0000000008001708                USART1_IRQHandler
                0x0000000008001708                OTG_FS_IRQHandler
                0x0000000008001708                SPI3_IRQHandler
                0x0000000008001708                DMA1_Stream4_IRQHandler
                0x0000000008001708                I2C1_ER_IRQHandler
                0x0000000008001708                FMC_IRQHandler
                0x0000000008001708                DMA2_Stream6_IRQHandler
                0x0000000008001708                SAI1_IRQHandler
                0x0000000008001708                DMA1_Stream3_IRQHandler
 *fill*         0x000000000800170a        0x2 
 .text.HAL_Init
                0x000000000800170c       0x44 Drivers/STM32F4xx_HAL_Driver/Src/stm32f4xx_hal.o
                0x000000000800170c                HAL_Init
 .text.HAL_InitTick
                0x0000000008001750       0x60 Drivers/STM32F4xx_HAL_Driver/Src/stm32f4xx_hal.o
                0x0000000008001750                HAL_InitTick
 .text.HAL_IncTick
                0x00000000080017b0       0x28 Drivers/STM32F4xx_HAL_Driver/Src/stm32f4xx_hal.o
                0x00000000080017b0                HAL_IncTick
 .text.HAL_GetTick
                0x00000000080017d8       0x18 Drivers/STM32F4xx_HAL_Driver/Src/stm32f4xx_hal.o
                0x00000000080017d8                HAL_GetTick
 .text.__NVIC_SetPriorityGrouping
                0x00000000080017f0       0x48 Drivers/STM32F4xx_HAL_Driver/Src/stm32f4xx_hal_cortex.o
 .text.__NVIC_GetPriorityGrouping
                0x0000000008001838       0x1c Drivers/STM32F4xx_HAL_Driver/Src/stm32f4xx_hal_cortex.o
 .text.__NVIC_EnableIRQ
                0x0000000008001854       0x3c Drivers/STM32F4xx_HAL_Driver/Src/stm32f4xx_hal_cortex.o
 .text.__NVIC_SetPriority
                0x0000000008001890       0x54 Drivers/STM32F4xx_HAL_Driver/Src/stm32f4xx_hal_cortex.o
 .text.NVIC_EncodePriority
                0x00000000080018e4       0x66 Drivers/STM32F4xx_HAL_Driver/Src/stm32f4xx_hal_cortex.o
 *fill*         0x000000000800194a        0x2 
 .text.SysTick_Config
                0x000000000800194c       0x44 Drivers/STM32F4xx_HAL_Driver/Src/stm32f4xx_hal_cortex.o
 .text.HAL_NVIC_SetPriorityGrouping
                0x0000000008001990       0x16 Drivers/STM32F4xx_HAL_Driver/Src/stm32f4xx_hal_cortex.o
                0x0000000008001990                HAL_NVIC_SetPriorityGrouping
 .text.HAL_NVIC_SetPriority
                0x00000000080019a6       0x38 Drivers/STM32F4xx_HAL_Driver/Src/stm32f4xx_hal_cortex.o
                0x00000000080019a6                HAL_NVIC_SetPriority
 .text.HAL_NVIC_EnableIRQ
                0x00000000080019de       0x1c Drivers/STM32F4xx_HAL_Driver/Src/stm32f4xx_hal_cortex.o
                0x00000000080019de                HAL_NVIC_EnableIRQ
 .text.HAL_SYSTICK_Config
                0x00000000080019fa       0x18 Drivers/STM32F4xx_HAL_Driver/Src/stm32f4xx_hal_cortex.o
                0x00000000080019fa                HAL_SYSTICK_Config
 .text.HAL_CRC_Init
                0x0000000008001a12       0x38 Drivers/STM32F4xx_HAL_Driver/Src/stm32f4xx_hal_crc.o
                0x0000000008001a12                HAL_CRC_Init
 .text.HAL_CRC_Accumulate
                0x0000000008001a4a       0x56 Drivers/STM32F4xx_HAL_Driver/Src/stm32f4xx_hal_crc.o
                0x0000000008001a4a                HAL_CRC_Accumulate
 .text.HAL_FLASH_Program
                0x0000000008001aa0       0xa8 Drivers/STM32F4xx_HAL_Driver/Src/stm32f4xx_hal_flash.o
                0x0000000008001aa0                HAL_FLASH_Program
 .text.HAL_FLASH_Unlock
                0x0000000008001b48       0x44 Drivers/STM32F4xx_HAL_Driver/Src/stm32f4xx_hal_flash.o
                0x0000000008001b48                HAL_FLASH_Unlock
 .text.HAL_FLASH_Lock
                0x0000000008001b8c       0x20 Drivers/STM32F4xx_HAL_Driver/Src/stm32f4xx_hal_flash.o
                0x0000000008001b8c                HAL_FLASH_Lock
 .text.HAL_FLASH_OB_Unlock
                0x0000000008001bac       0x38 Drivers/STM32F4xx_HAL_Driver/Src/stm32f4xx_hal_flash.o
                0x0000000008001bac                HAL_FLASH_OB_Unlock
 .text.HAL_FLASH_OB_Lock
                0x0000000008001be4       0x20 Drivers/STM32F4xx_HAL_Driver/Src/stm32f4xx_hal_flash.o
                0x0000000008001be4                HAL_FLASH_OB_Lock
 .text.FLASH_WaitForLastOperation
                0x0000000008001c04       0x80 Drivers/STM32F4xx_HAL_Driver/Src/stm32f4xx_hal_flash.o
                0x0000000008001c04                FLASH_WaitForLastOperation
 .text.FLASH_Program_DoubleWord
                0x0000000008001c84       0x60 Drivers/STM32F4xx_HAL_Driver/Src/stm32f4xx_hal_flash.o
 .text.FLASH_Program_Word
                0x0000000008001ce4       0x44 Drivers/STM32F4xx_HAL_Driver/Src/stm32f4xx_hal_flash.o
 .text.FLASH_Program_HalfWord
                0x0000000008001d28       0x48 Drivers/STM32F4xx_HAL_Driver/Src/stm32f4xx_hal_flash.o
 .text.FLASH_Program_Byte
                0x0000000008001d70       0x44 Drivers/STM32F4xx_HAL_Driver/Src/stm32f4xx_hal_flash.o
 .text.FLASH_SetErrorCode
                0x0000000008001db4       0xcc Drivers/STM32F4xx_HAL_Driver/Src/stm32f4xx_hal_flash.o
 .text.HAL_FLASHEx_Erase
                0x0000000008001e80       0xe4 Drivers/STM32F4xx_HAL_Driver/Src/stm32f4xx_hal_flash_ex.o
                0x0000000008001e80                HAL_FLASHEx_Erase
 .text.HAL_FLASHEx_OBGetConfig
                0x0000000008001f64       0x46 Drivers/STM32F4xx_HAL_Driver/Src/stm32f4xx_hal_flash_ex.o
                0x0000000008001f64                HAL_FLASHEx_OBGetConfig
 *fill*         0x0000000008001faa        0x2 
 .text.FLASH_MassErase
                0x0000000008001fac       0x74 Drivers/STM32F4xx_HAL_Driver/Src/stm32f4xx_hal_flash_ex.o
 .text.FLASH_Erase_Sector
                0x0000000008002020       0x9c Drivers/STM32F4xx_HAL_Driver/Src/stm32f4xx_hal_flash_ex.o
                0x0000000008002020                FLASH_Erase_Sector
 .text.FLASH_OB_GetUser
                0x00000000080020bc       0x20 Drivers/STM32F4xx_HAL_Driver/Src/stm32f4xx_hal_flash_ex.o
 .text.FLASH_OB_GetWRP
                0x00000000080020dc       0x18 Drivers/STM32F4xx_HAL_Driver/Src/stm32f4xx_hal_flash_ex.o
 .text.FLASH_OB_GetRDP
                0x00000000080020f4       0x40 Drivers/STM32F4xx_HAL_Driver/Src/stm32f4xx_hal_flash_ex.o
 .text.FLASH_OB_GetBOR
                0x0000000008002134       0x20 Drivers/STM32F4xx_HAL_Driver/Src/stm32f4xx_hal_flash_ex.o
 .text.FLASH_FlushCaches
                0x0000000008002154       0x8c Drivers/STM32F4xx_HAL_Driver/Src/stm32f4xx_hal_flash_ex.o
                0x0000000008002154                FLASH_FlushCaches
 .text.HAL_GPIO_Init
                0x00000000080021e0      0x354 Drivers/STM32F4xx_HAL_Driver/Src/stm32f4xx_hal_gpio.o
                0x00000000080021e0                HAL_GPIO_Init
 .text.HAL_GPIO_ReadPin
                0x0000000008002534       0x30 Drivers/STM32F4xx_HAL_Driver/Src/stm32f4xx_hal_gpio.o
                0x0000000008002534                HAL_GPIO_ReadPin
 .text.HAL_GPIO_WritePin
                0x0000000008002564       0x32 Drivers/STM32F4xx_HAL_Driver/Src/stm32f4xx_hal_gpio.o
                0x0000000008002564                HAL_GPIO_WritePin
 *fill*         0x0000000008002596        0x2 
 .text.HAL_GPIO_EXTI_IRQHandler
                0x0000000008002598       0x30 Drivers/STM32F4xx_HAL_Driver/Src/stm32f4xx_hal_gpio.o
                0x0000000008002598                HAL_GPIO_EXTI_IRQHandler
 .text.HAL_GPIO_EXTI_Callback
                0x00000000080025c8       0x16 Drivers/STM32F4xx_HAL_Driver/Src/stm32f4xx_hal_gpio.o
                0x00000000080025c8                HAL_GPIO_EXTI_Callback
 *fill*         0x00000000080025de        0x2 
 .text.HAL_RCC_OscConfig
                0x00000000080025e0      0x4e0 Drivers/STM32F4xx_HAL_Driver/Src/stm32f4xx_hal_rcc.o
                0x00000000080025e0                HAL_RCC_OscConfig
 .text.HAL_RCC_ClockConfig
                0x0000000008002ac0      0x1cc Drivers/STM32F4xx_HAL_Driver/Src/stm32f4xx_hal_rcc.o
                0x0000000008002ac0                HAL_RCC_ClockConfig
 .text.HAL_RCC_GetSysClockFreq
                0x0000000008002c8c      0x1b0 Drivers/STM32F4xx_HAL_Driver/Src/stm32f4xx_hal_rcc.o
                0x0000000008002c8c                HAL_RCC_GetSysClockFreq
 .text.HAL_RCC_GetHCLKFreq
                0x0000000008002e3c       0x18 Drivers/STM32F4xx_HAL_Driver/Src/stm32f4xx_hal_rcc.o
                0x0000000008002e3c                HAL_RCC_GetHCLKFreq
 .text.HAL_RCC_GetPCLK1Freq
                0x0000000008002e54       0x28 Drivers/STM32F4xx_HAL_Driver/Src/stm32f4xx_hal_rcc.o
                0x0000000008002e54                HAL_RCC_GetPCLK1Freq
 .text.HAL_RCC_GetPCLK2Freq
                0x0000000008002e7c       0x28 Drivers/STM32F4xx_HAL_Driver/Src/stm32f4xx_hal_rcc.o
                0x0000000008002e7c                HAL_RCC_GetPCLK2Freq
 .text.HAL_UART_Init
                0x0000000008002ea4       0x9a Drivers/STM32F4xx_HAL_Driver/Src/stm32f4xx_hal_uart.o
                0x0000000008002ea4                HAL_UART_Init
 .text.HAL_UART_Transmit
                0x0000000008002f3e      0x132 Drivers/STM32F4xx_HAL_Driver/Src/stm32f4xx_hal_uart.o
                0x0000000008002f3e                HAL_UART_Transmit
 .text.HAL_UART_Receive
                0x0000000008003070      0x14c Drivers/STM32F4xx_HAL_Driver/Src/stm32f4xx_hal_uart.o
                0x0000000008003070                HAL_UART_Receive
 .text.UART_WaitOnFlagUntilTimeout
                0x00000000080031bc       0x94 Drivers/STM32F4xx_HAL_Driver/Src/stm32f4xx_hal_uart.o
 .text.UART_SetConfig
                0x0000000008003250      0x6f8 Drivers/STM32F4xx_HAL_Driver/Src/stm32f4xx_hal_uart.o
 .text.__libc_init_array
                0x0000000008003948       0x48 c:/st/stm32cubeide_1.2.0/stm32cubeide/plugins/com.st.stm32cube.ide.mcu.externaltools.gnu-tools-for-stm32.7-2018-q2-update.win32_1.0.0.201904181610/tools/bin/../lib/gcc/arm-none-eabi/7.3.1/../../../../arm-none-eabi/lib/thumb/v7e-m/fpv4-sp/hard\libc_nano.a(lib_a-init.o)
                0x0000000008003948                __libc_init_array
 .text.memset   0x0000000008003990       0x10 c:/st/stm32cubeide_1.2.0/stm32cubeide/plugins/com.st.stm32cube.ide.mcu.externaltools.gnu-tools-for-stm32.7-2018-q2-update.win32_1.0.0.201904181610/tools/bin/../lib/gcc/arm-none-eabi/7.3.1/../../../../arm-none-eabi/lib/thumb/v7e-m/fpv4-sp/hard\libc_nano.a(lib_a-memset.o)
                0x0000000008003990                memset
 *(.glue_7)
 .glue_7        0x00000000080039a0        0x0 linker stubs
 *(.glue_7t)
 .glue_7t       0x00000000080039a0        0x0 linker stubs
 *(.eh_frame)
 .eh_frame      0x00000000080039a0        0x0 c:/st/stm32cubeide_1.2.0/stm32cubeide/plugins/com.st.stm32cube.ide.mcu.externaltools.gnu-tools-for-stm32.7-2018-q2-update.win32_1.0.0.201904181610/tools/bin/../lib/gcc/arm-none-eabi/7.3.1/thumb/v7e-m/fpv4-sp/hard/crtbegin.o
 *(.init)
 .init          0x00000000080039a0        0x4 c:/st/stm32cubeide_1.2.0/stm32cubeide/plugins/com.st.stm32cube.ide.mcu.externaltools.gnu-tools-for-stm32.7-2018-q2-update.win32_1.0.0.201904181610/tools/bin/../lib/gcc/arm-none-eabi/7.3.1/thumb/v7e-m/fpv4-sp/hard/crti.o
                0x00000000080039a0                _init
 .init          0x00000000080039a4        0x8 c:/st/stm32cubeide_1.2.0/stm32cubeide/plugins/com.st.stm32cube.ide.mcu.externaltools.gnu-tools-for-stm32.7-2018-q2-update.win32_1.0.0.201904181610/tools/bin/../lib/gcc/arm-none-eabi/7.3.1/thumb/v7e-m/fpv4-sp/hard/crtn.o
 *(.fini)
 .fini          0x00000000080039ac        0x4 c:/st/stm32cubeide_1.2.0/stm32cubeide/plugins/com.st.stm32cube.ide.mcu.externaltools.gnu-tools-for-stm32.7-2018-q2-update.win32_1.0.0.201904181610/tools/bin/../lib/gcc/arm-none-eabi/7.3.1/thumb/v7e-m/fpv4-sp/hard/crti.o
                0x00000000080039ac                _fini
 .fini          0x00000000080039b0        0x8 c:/st/stm32cubeide_1.2.0/stm32cubeide/plugins/com.st.stm32cube.ide.mcu.externaltools.gnu-tools-for-stm32.7-2018-q2-update.win32_1.0.0.201904181610/tools/bin/../lib/gcc/arm-none-eabi/7.3.1/thumb/v7e-m/fpv4-sp/hard/crtn.o
                0x00000000080039b8                . = ALIGN (0x4)
                0x00000000080039b8                _etext = .

.vfp11_veneer   0x00000000080039b8        0x0
 .vfp11_veneer  0x00000000080039b8        0x0 linker stubs

.v4_bx          0x00000000080039b8        0x0
 .v4_bx         0x00000000080039b8        0x0 linker stubs

.iplt           0x00000000080039b8        0x0
 .iplt          0x00000000080039b8        0x0 c:/st/stm32cubeide_1.2.0/stm32cubeide/plugins/com.st.stm32cube.ide.mcu.externaltools.gnu-tools-for-stm32.7-2018-q2-update.win32_1.0.0.201904181610/tools/bin/../lib/gcc/arm-none-eabi/7.3.1/thumb/v7e-m/fpv4-sp/hard/crtbegin.o

.rodata         0x00000000080039b8      0x584
                0x00000000080039b8                . = ALIGN (0x4)
 *(.rodata)
 .rodata        0x00000000080039b8      0x569 Core/Src/main.o
 *(.rodata*)
 *fill*         0x0000000008003f21        0x3 
 .rodata.AHBPrescTable
                0x0000000008003f24       0x10 Core/Src/system_stm32f4xx.o
                0x0000000008003f24                AHBPrescTable
 .rodata.APBPrescTable
                0x0000000008003f34        0x8 Core/Src/system_stm32f4xx.o
                0x0000000008003f34                APBPrescTable
                0x0000000008003f3c                . = ALIGN (0x4)

.ARM.extab      0x0000000008003f3c        0x0
                0x0000000008003f3c                . = ALIGN (0x4)
 *(.ARM.extab* .gnu.linkonce.armextab.*)
                0x0000000008003f3c                . = ALIGN (0x4)

.ARM            0x0000000008003f3c        0x8
                0x0000000008003f3c                . = ALIGN (0x4)
                0x0000000008003f3c                __exidx_start = .
 *(.ARM.exidx*)
 .ARM.exidx     0x0000000008003f3c        0x8 c:/st/stm32cubeide_1.2.0/stm32cubeide/plugins/com.st.stm32cube.ide.mcu.externaltools.gnu-tools-for-stm32.7-2018-q2-update.win32_1.0.0.201904181610/tools/bin/../lib/gcc/arm-none-eabi/7.3.1/thumb/v7e-m/fpv4-sp/hard\libgcc.a(_udivmoddi4.o)
                0x0000000008003f44                __exidx_end = .
                0x0000000008003f44                . = ALIGN (0x4)

.rel.dyn        0x0000000008003f44        0x0
 .rel.iplt      0x0000000008003f44        0x0 c:/st/stm32cubeide_1.2.0/stm32cubeide/plugins/com.st.stm32cube.ide.mcu.externaltools.gnu-tools-for-stm32.7-2018-q2-update.win32_1.0.0.201904181610/tools/bin/../lib/gcc/arm-none-eabi/7.3.1/thumb/v7e-m/fpv4-sp/hard/crtbegin.o

.preinit_array  0x0000000008003f44        0x0
                0x0000000008003f44                . = ALIGN (0x4)
                0x0000000008003f44                PROVIDE (__preinit_array_start = .)
 *(.preinit_array*)
                0x0000000008003f44                PROVIDE (__preinit_array_end = .)
                0x0000000008003f44                . = ALIGN (0x4)

.init_array     0x0000000008003f44        0x4
                0x0000000008003f44                . = ALIGN (0x4)
                0x0000000008003f44                PROVIDE (__init_array_start = .)
 *(SORT_BY_NAME(.init_array.*))
 *(.init_array*)
 .init_array    0x0000000008003f44        0x4 c:/st/stm32cubeide_1.2.0/stm32cubeide/plugins/com.st.stm32cube.ide.mcu.externaltools.gnu-tools-for-stm32.7-2018-q2-update.win32_1.0.0.201904181610/tools/bin/../lib/gcc/arm-none-eabi/7.3.1/thumb/v7e-m/fpv4-sp/hard/crtbegin.o
                0x0000000008003f48                PROVIDE (__init_array_end = .)
                0x0000000008003f48                . = ALIGN (0x4)

.fini_array     0x0000000008003f48        0x4
                0x0000000008003f48                . = ALIGN (0x4)
                [!provide]                        PROVIDE (__fini_array_start = .)
 *(SORT_BY_NAME(.fini_array.*))
 *(.fini_array*)
 .fini_array    0x0000000008003f48        0x4 c:/st/stm32cubeide_1.2.0/stm32cubeide/plugins/com.st.stm32cube.ide.mcu.externaltools.gnu-tools-for-stm32.7-2018-q2-update.win32_1.0.0.201904181610/tools/bin/../lib/gcc/arm-none-eabi/7.3.1/thumb/v7e-m/fpv4-sp/hard/crtbegin.o
                [!provide]                        PROVIDE (__fini_array_end = .)
                0x0000000008003f4c                . = ALIGN (0x4)
                0x0000000008003f4c                _sidata = LOADADDR (.data)

.data           0x0000000020000000       0x18 load address 0x0000000008003f4c
                0x0000000020000000                . = ALIGN (0x4)
                0x0000000020000000                _sdata = .
 *(.data)
 *(.data*)
 .data.supported_commands
                0x0000000020000000        0xa Core/Src/main.o
                0x0000000020000000                supported_commands
 *fill*         0x000000002000000a        0x2 
 .data.SystemCoreClock
                0x000000002000000c        0x4 Core/Src/system_stm32f4xx.o
                0x000000002000000c                SystemCoreClock
 .data.uwTickPrio
                0x0000000020000010        0x4 Drivers/STM32F4xx_HAL_Driver/Src/stm32f4xx_hal.o
                0x0000000020000010                uwTickPrio
 .data.uwTickFreq
                0x0000000020000014        0x1 Drivers/STM32F4xx_HAL_Driver/Src/stm32f4xx_hal.o
                0x0000000020000014                uwTickFreq
                0x0000000020000018                . = ALIGN (0x4)
 *fill*         0x0000000020000015        0x3 
                0x0000000020000018                _edata = .

.igot.plt       0x0000000020000018        0x0 load address 0x0000000008003f64
 .igot.plt      0x0000000020000018        0x0 c:/st/stm32cubeide_1.2.0/stm32cubeide/plugins/com.st.stm32cube.ide.mcu.externaltools.gnu-tools-for-stm32.7-2018-q2-update.win32_1.0.0.201904181610/tools/bin/../lib/gcc/arm-none-eabi/7.3.1/thumb/v7e-m/fpv4-sp/hard/crtbegin.o
                0x0000000020000018                . = ALIGN (0x4)

.bss            0x0000000020000018      0x190 load address 0x0000000008003f64
                0x0000000020000018                _sbss = .
                0x0000000020000018                __bss_start__ = _sbss
 *(.bss)
 .bss           0x0000000020000018       0x1c c:/st/stm32cubeide_1.2.0/stm32cubeide/plugins/com.st.stm32cube.ide.mcu.externaltools.gnu-tools-for-stm32.7-2018-q2-update.win32_1.0.0.201904181610/tools/bin/../lib/gcc/arm-none-eabi/7.3.1/thumb/v7e-m/fpv4-sp/hard/crtbegin.o
 *(.bss*)
 *(COMMON)
 COMMON         0x0000000020000034      0x150 Core/Src/main.o
                0x0000000020000034                huart3
                0x0000000020000074                hcrc
                0x000000002000007c                huart1
                0x00000000200000bc                bl_rx_buffer
 COMMON         0x0000000020000184        0x4 Drivers/STM32F4xx_HAL_Driver/Src/stm32f4xx_hal.o
                0x0000000020000184                uwTick
 COMMON         0x0000000020000188       0x20 Drivers/STM32F4xx_HAL_Driver/Src/stm32f4xx_hal_flash.o
                0x0000000020000188                pFlash
                0x00000000200001a8                . = ALIGN (0x4)
                0x00000000200001a8                _ebss = .
                0x00000000200001a8                __bss_end__ = _ebss

._user_heap_stack
                0x00000000200001a8      0x600 load address 0x0000000008003f64
                0x00000000200001a8                . = ALIGN (0x8)
                0x00000000200001a8                PROVIDE (end = .)
                [!provide]                        PROVIDE (_end = .)
                0x00000000200003a8                . = (. + _Min_Heap_Size)
 *fill*         0x00000000200001a8      0x200 
                0x00000000200007a8                . = (. + _Min_Stack_Size)
 *fill*         0x00000000200003a8      0x400 
                0x00000000200007a8                . = ALIGN (0x8)

/DISCARD/
 libc.a(*)
 libm.a(*)
 libgcc.a(*)

.ARM.attributes
                0x0000000000000000       0x30
 *(.ARM.attributes)
 .ARM.attributes
                0x0000000000000000       0x22 c:/st/stm32cubeide_1.2.0/stm32cubeide/plugins/com.st.stm32cube.ide.mcu.externaltools.gnu-tools-for-stm32.7-2018-q2-update.win32_1.0.0.201904181610/tools/bin/../lib/gcc/arm-none-eabi/7.3.1/thumb/v7e-m/fpv4-sp/hard/crti.o
 .ARM.attributes
                0x0000000000000022       0x34 c:/st/stm32cubeide_1.2.0/stm32cubeide/plugins/com.st.stm32cube.ide.mcu.externaltools.gnu-tools-for-stm32.7-2018-q2-update.win32_1.0.0.201904181610/tools/bin/../lib/gcc/arm-none-eabi/7.3.1/thumb/v7e-m/fpv4-sp/hard/crtbegin.o
 .ARM.attributes
                0x0000000000000056       0x39 Core/Src/main.o
 .ARM.attributes
                0x000000000000008f       0x39 Core/Src/stm32f4xx_hal_msp.o
 .ARM.attributes
                0x00000000000000c8       0x39 Core/Src/stm32f4xx_it.o
 .ARM.attributes
                0x0000000000000101       0x39 Core/Src/system_stm32f4xx.o
 .ARM.attributes
                0x000000000000013a       0x21 Core/Startup/startup_stm32f429zitx.o
 .ARM.attributes
                0x000000000000015b       0x39 Drivers/STM32F4xx_HAL_Driver/Src/stm32f4xx_hal.o
 .ARM.attributes
                0x0000000000000194       0x39 Drivers/STM32F4xx_HAL_Driver/Src/stm32f4xx_hal_cortex.o
 .ARM.attributes
                0x00000000000001cd       0x39 Drivers/STM32F4xx_HAL_Driver/Src/stm32f4xx_hal_crc.o
 .ARM.attributes
                0x0000000000000206       0x39 Drivers/STM32F4xx_HAL_Driver/Src/stm32f4xx_hal_flash.o
 .ARM.attributes
                0x000000000000023f       0x39 Drivers/STM32F4xx_HAL_Driver/Src/stm32f4xx_hal_flash_ex.o
 .ARM.attributes
                0x0000000000000278       0x39 Drivers/STM32F4xx_HAL_Driver/Src/stm32f4xx_hal_gpio.o
 .ARM.attributes
                0x00000000000002b1       0x39 Drivers/STM32F4xx_HAL_Driver/Src/stm32f4xx_hal_rcc.o
 .ARM.attributes
                0x00000000000002ea       0x39 Drivers/STM32F4xx_HAL_Driver/Src/stm32f4xx_hal_uart.o
 .ARM.attributes
                0x0000000000000323       0x34 c:/st/stm32cubeide_1.2.0/stm32cubeide/plugins/com.st.stm32cube.ide.mcu.externaltools.gnu-tools-for-stm32.7-2018-q2-update.win32_1.0.0.201904181610/tools/bin/../lib/gcc/arm-none-eabi/7.3.1/../../../../arm-none-eabi/lib/thumb/v7e-m/fpv4-sp/hard\libc_nano.a(lib_a-init.o)
 .ARM.attributes
                0x0000000000000357       0x34 c:/st/stm32cubeide_1.2.0/stm32cubeide/plugins/com.st.stm32cube.ide.mcu.externaltools.gnu-tools-for-stm32.7-2018-q2-update.win32_1.0.0.201904181610/tools/bin/../lib/gcc/arm-none-eabi/7.3.1/../../../../arm-none-eabi/lib/thumb/v7e-m/fpv4-sp/hard\libc_nano.a(lib_a-memset.o)
 .ARM.attributes
                0x000000000000038b       0x22 c:/st/stm32cubeide_1.2.0/stm32cubeide/plugins/com.st.stm32cube.ide.mcu.externaltools.gnu-tools-for-stm32.7-2018-q2-update.win32_1.0.0.201904181610/tools/bin/../lib/gcc/arm-none-eabi/7.3.1/thumb/v7e-m/fpv4-sp/hard\libgcc.a(_aeabi_uldivmod.o)
 .ARM.attributes
                0x00000000000003ad       0x34 c:/st/stm32cubeide_1.2.0/stm32cubeide/plugins/com.st.stm32cube.ide.mcu.externaltools.gnu-tools-for-stm32.7-2018-q2-update.win32_1.0.0.201904181610/tools/bin/../lib/gcc/arm-none-eabi/7.3.1/thumb/v7e-m/fpv4-sp/hard\libgcc.a(_udivmoddi4.o)
 .ARM.attributes
                0x00000000000003e1       0x22 c:/st/stm32cubeide_1.2.0/stm32cubeide/plugins/com.st.stm32cube.ide.mcu.externaltools.gnu-tools-for-stm32.7-2018-q2-update.win32_1.0.0.201904181610/tools/bin/../lib/gcc/arm-none-eabi/7.3.1/thumb/v7e-m/fpv4-sp/hard\libgcc.a(_dvmd_tls.o)
 .ARM.attributes
                0x0000000000000403       0x22 c:/st/stm32cubeide_1.2.0/stm32cubeide/plugins/com.st.stm32cube.ide.mcu.externaltools.gnu-tools-for-stm32.7-2018-q2-update.win32_1.0.0.201904181610/tools/bin/../lib/gcc/arm-none-eabi/7.3.1/thumb/v7e-m/fpv4-sp/hard/crtn.o
OUTPUT(STM32f4_bootloader.elf elf32-littlearm)

.debug_info     0x0000000000000000     0x7af2
 .debug_info    0x0000000000000000     0x197e Core/Src/main.o
 .debug_info    0x000000000000197e      0xacd Core/Src/stm32f4xx_hal_msp.o
 .debug_info    0x000000000000244b      0x231 Core/Src/stm32f4xx_it.o
 .debug_info    0x000000000000267c      0x56e Core/Src/system_stm32f4xx.o
 .debug_info    0x0000000000002bea       0x22 Core/Startup/startup_stm32f429zitx.o
 .debug_info    0x0000000000002c0c      0x9b9 Drivers/STM32F4xx_HAL_Driver/Src/stm32f4xx_hal.o
 .debug_info    0x00000000000035c5      0xe5e Drivers/STM32F4xx_HAL_Driver/Src/stm32f4xx_hal_cortex.o
 .debug_info    0x0000000000004423      0x441 Drivers/STM32F4xx_HAL_Driver/Src/stm32f4xx_hal_crc.o
 .debug_info    0x0000000000004864      0x622 Drivers/STM32F4xx_HAL_Driver/Src/stm32f4xx_hal_flash.o
 .debug_info    0x0000000000004e86      0x933 Drivers/STM32F4xx_HAL_Driver/Src/stm32f4xx_hal_flash_ex.o
 .debug_info    0x00000000000057b9      0x7cf Drivers/STM32F4xx_HAL_Driver/Src/stm32f4xx_hal_gpio.o
 .debug_info    0x0000000000005f88      0x91e Drivers/STM32F4xx_HAL_Driver/Src/stm32f4xx_hal_rcc.o
 .debug_info    0x00000000000068a6     0x124c Drivers/STM32F4xx_HAL_Driver/Src/stm32f4xx_hal_uart.o

.debug_abbrev   0x0000000000000000     0x1822
 .debug_abbrev  0x0000000000000000      0x313 Core/Src/main.o
 .debug_abbrev  0x0000000000000313      0x1a6 Core/Src/stm32f4xx_hal_msp.o
 .debug_abbrev  0x00000000000004b9       0xc6 Core/Src/stm32f4xx_it.o
 .debug_abbrev  0x000000000000057f      0x12b Core/Src/system_stm32f4xx.o
 .debug_abbrev  0x00000000000006aa       0x12 Core/Startup/startup_stm32f429zitx.o
 .debug_abbrev  0x00000000000006bc      0x1c7 Drivers/STM32F4xx_HAL_Driver/Src/stm32f4xx_hal.o
 .debug_abbrev  0x0000000000000883      0x2fa Drivers/STM32F4xx_HAL_Driver/Src/stm32f4xx_hal_cortex.o
 .debug_abbrev  0x0000000000000b7d      0x1b7 Drivers/STM32F4xx_HAL_Driver/Src/stm32f4xx_hal_crc.o
 .debug_abbrev  0x0000000000000d34      0x248 Drivers/STM32F4xx_HAL_Driver/Src/stm32f4xx_hal_flash.o
 .debug_abbrev  0x0000000000000f7c      0x256 Drivers/STM32F4xx_HAL_Driver/Src/stm32f4xx_hal_flash_ex.o
 .debug_abbrev  0x00000000000011d2      0x1c9 Drivers/STM32F4xx_HAL_Driver/Src/stm32f4xx_hal_gpio.o
 .debug_abbrev  0x000000000000139b      0x245 Drivers/STM32F4xx_HAL_Driver/Src/stm32f4xx_hal_rcc.o
 .debug_abbrev  0x00000000000015e0      0x242 Drivers/STM32F4xx_HAL_Driver/Src/stm32f4xx_hal_uart.o

.debug_aranges  0x0000000000000000      0x8b8
 .debug_aranges
                0x0000000000000000      0x130 Core/Src/main.o
 .debug_aranges
                0x0000000000000130       0x40 Core/Src/stm32f4xx_hal_msp.o
 .debug_aranges
                0x0000000000000170       0x68 Core/Src/stm32f4xx_it.o
 .debug_aranges
                0x00000000000001d8       0x28 Core/Src/system_stm32f4xx.o
 .debug_aranges
                0x0000000000000200       0x28 Core/Startup/startup_stm32f429zitx.o
 .debug_aranges
                0x0000000000000228      0x100 Drivers/STM32F4xx_HAL_Driver/Src/stm32f4xx_hal.o
 .debug_aranges
                0x0000000000000328      0x118 Drivers/STM32F4xx_HAL_Driver/Src/stm32f4xx_hal_cortex.o
 .debug_aranges
                0x0000000000000440       0x50 Drivers/STM32F4xx_HAL_Driver/Src/stm32f4xx_hal_crc.o
 .debug_aranges
                0x0000000000000490       0xa0 Drivers/STM32F4xx_HAL_Driver/Src/stm32f4xx_hal_flash.o
 .debug_aranges
                0x0000000000000530       0xd8 Drivers/STM32F4xx_HAL_Driver/Src/stm32f4xx_hal_flash_ex.o
 .debug_aranges
                0x0000000000000608       0x58 Drivers/STM32F4xx_HAL_Driver/Src/stm32f4xx_hal_gpio.o
 .debug_aranges
                0x0000000000000660       0x88 Drivers/STM32F4xx_HAL_Driver/Src/stm32f4xx_hal_rcc.o
 .debug_aranges
                0x00000000000006e8      0x1d0 Drivers/STM32F4xx_HAL_Driver/Src/stm32f4xx_hal_uart.o

.debug_ranges   0x0000000000000000      0x7f0
 .debug_ranges  0x0000000000000000      0x120 Core/Src/main.o
 .debug_ranges  0x0000000000000120       0x30 Core/Src/stm32f4xx_hal_msp.o
 .debug_ranges  0x0000000000000150       0x58 Core/Src/stm32f4xx_it.o
 .debug_ranges  0x00000000000001a8       0x18 Core/Src/system_stm32f4xx.o
 .debug_ranges  0x00000000000001c0       0x20 Core/Startup/startup_stm32f429zitx.o
 .debug_ranges  0x00000000000001e0       0xf0 Drivers/STM32F4xx_HAL_Driver/Src/stm32f4xx_hal.o
 .debug_ranges  0x00000000000002d0      0x108 Drivers/STM32F4xx_HAL_Driver/Src/stm32f4xx_hal_cortex.o
 .debug_ranges  0x00000000000003d8       0x40 Drivers/STM32F4xx_HAL_Driver/Src/stm32f4xx_hal_crc.o
 .debug_ranges  0x0000000000000418       0x90 Drivers/STM32F4xx_HAL_Driver/Src/stm32f4xx_hal_flash.o
 .debug_ranges  0x00000000000004a8       0xc8 Drivers/STM32F4xx_HAL_Driver/Src/stm32f4xx_hal_flash_ex.o
 .debug_ranges  0x0000000000000570       0x48 Drivers/STM32F4xx_HAL_Driver/Src/stm32f4xx_hal_gpio.o
 .debug_ranges  0x00000000000005b8       0x78 Drivers/STM32F4xx_HAL_Driver/Src/stm32f4xx_hal_rcc.o
 .debug_ranges  0x0000000000000630      0x1c0 Drivers/STM32F4xx_HAL_Driver/Src/stm32f4xx_hal_uart.o

.debug_macro    0x0000000000000000    0x21e6e
 .debug_macro   0x0000000000000000      0x1ee Core/Src/main.o
 .debug_macro   0x00000000000001ee      0xa5a Core/Src/main.o
 .debug_macro   0x0000000000000c48      0x18a Core/Src/main.o
 .debug_macro   0x0000000000000dd2       0x2e Core/Src/main.o
 .debug_macro   0x0000000000000e00       0x28 Core/Src/main.o
 .debug_macro   0x0000000000000e28       0x22 Core/Src/main.o
 .debug_macro   0x0000000000000e4a       0x8e Core/Src/main.o
 .debug_macro   0x0000000000000ed8       0x51 Core/Src/main.o
 .debug_macro   0x0000000000000f29       0xef Core/Src/main.o
 .debug_macro   0x0000000000001018       0x6a Core/Src/main.o
 .debug_macro   0x0000000000001082      0x1df Core/Src/main.o
 .debug_macro   0x0000000000001261       0x1c Core/Src/main.o
 .debug_macro   0x000000000000127d       0x22 Core/Src/main.o
 .debug_macro   0x000000000000129f       0xdf Core/Src/main.o
 .debug_macro   0x000000000000137e     0x102d Core/Src/main.o
 .debug_macro   0x00000000000023ab      0x11f Core/Src/main.o
 .debug_macro   0x00000000000024ca    0x17f69 Core/Src/main.o
 .debug_macro   0x000000000001a433       0x43 Core/Src/main.o
 .debug_macro   0x000000000001a476     0x36c9 Core/Src/main.o
 .debug_macro   0x000000000001db3f      0x174 Core/Src/main.o
 .debug_macro   0x000000000001dcb3       0x5a Core/Src/main.o
 .debug_macro   0x000000000001dd0d      0xca5 Core/Src/main.o
 .debug_macro   0x000000000001e9b2      0x9fe Core/Src/main.o
 .debug_macro   0x000000000001f3b0      0x182 Core/Src/main.o
 .debug_macro   0x000000000001f532      0x117 Core/Src/main.o
 .debug_macro   0x000000000001f649      0x157 Core/Src/main.o
 .debug_macro   0x000000000001f7a0       0x27 Core/Src/main.o
 .debug_macro   0x000000000001f7c7      0x287 Core/Src/main.o
 .debug_macro   0x000000000001fa4e       0x5f Core/Src/main.o
 .debug_macro   0x000000000001faad      0x236 Core/Src/main.o
 .debug_macro   0x000000000001fce3       0x22 Core/Src/main.o
 .debug_macro   0x000000000001fd05      0x132 Core/Src/main.o
 .debug_macro   0x000000000001fe37      0x41d Core/Src/main.o
 .debug_macro   0x0000000000020254       0x2e Core/Src/main.o
 .debug_macro   0x0000000000020282      0x11a Core/Src/main.o
 .debug_macro   0x000000000002039c       0xe2 Core/Src/main.o
 .debug_macro   0x000000000002047e       0x89 Core/Src/main.o
 .debug_macro   0x0000000000020507      0x287 Core/Src/main.o
 .debug_macro   0x000000000002078e      0x134 Core/Src/main.o
 .debug_macro   0x00000000000208c2       0x58 Core/Src/main.o
 .debug_macro   0x000000000002091a       0xe1 Core/Src/main.o
 .debug_macro   0x00000000000209fb      0x1dc Core/Src/stm32f4xx_hal_msp.o
 .debug_macro   0x0000000000020bd7      0x1e6 Core/Src/stm32f4xx_it.o
 .debug_macro   0x0000000000020dbd      0x1ca Core/Src/system_stm32f4xx.o
 .debug_macro   0x0000000000020f87      0x224 Drivers/STM32F4xx_HAL_Driver/Src/stm32f4xx_hal.o
 .debug_macro   0x00000000000211ab      0x1c4 Drivers/STM32F4xx_HAL_Driver/Src/stm32f4xx_hal_cortex.o
 .debug_macro   0x000000000002136f      0x1c4 Drivers/STM32F4xx_HAL_Driver/Src/stm32f4xx_hal_crc.o
 .debug_macro   0x0000000000021533      0x1ca Drivers/STM32F4xx_HAL_Driver/Src/stm32f4xx_hal_flash.o
 .debug_macro   0x00000000000216fd      0x1ca Drivers/STM32F4xx_HAL_Driver/Src/stm32f4xx_hal_flash_ex.o
 .debug_macro   0x00000000000218c7      0x1fa Drivers/STM32F4xx_HAL_Driver/Src/stm32f4xx_hal_gpio.o
 .debug_macro   0x0000000000021ac1      0x1e8 Drivers/STM32F4xx_HAL_Driver/Src/stm32f4xx_hal_rcc.o
 .debug_macro   0x0000000000021ca9      0x1c5 Drivers/STM32F4xx_HAL_Driver/Src/stm32f4xx_hal_uart.o

.debug_line     0x0000000000000000     0x6e81
 .debug_line    0x0000000000000000      0xb1b Core/Src/main.o
 .debug_line    0x0000000000000b1b      0x71f Core/Src/stm32f4xx_hal_msp.o
 .debug_line    0x000000000000123a      0x769 Core/Src/stm32f4xx_it.o
 .debug_line    0x00000000000019a3      0x6c2 Core/Src/system_stm32f4xx.o
 .debug_line    0x0000000000002065       0x85 Core/Startup/startup_stm32f429zitx.o
 .debug_line    0x00000000000020ea      0x8d0 Drivers/STM32F4xx_HAL_Driver/Src/stm32f4xx_hal.o
 .debug_line    0x00000000000029ba      0x9d0 Drivers/STM32F4xx_HAL_Driver/Src/stm32f4xx_hal_cortex.o
 .debug_line    0x000000000000338a      0x75b Drivers/STM32F4xx_HAL_Driver/Src/stm32f4xx_hal_crc.o
 .debug_line    0x0000000000003ae5      0x893 Drivers/STM32F4xx_HAL_Driver/Src/stm32f4xx_hal_flash.o
 .debug_line    0x0000000000004378      0x998 Drivers/STM32F4xx_HAL_Driver/Src/stm32f4xx_hal_flash_ex.o
 .debug_line    0x0000000000004d10      0x8b3 Drivers/STM32F4xx_HAL_Driver/Src/stm32f4xx_hal_gpio.o
 .debug_line    0x00000000000055c3      0x904 Drivers/STM32F4xx_HAL_Driver/Src/stm32f4xx_hal_rcc.o
 .debug_line    0x0000000000005ec7      0xfba Drivers/STM32F4xx_HAL_Driver/Src/stm32f4xx_hal_uart.o

.debug_str      0x0000000000000000    0xcd7b9
 .debug_str     0x0000000000000000    0xcbccb Core/Src/main.o
                                      0xcc024 (size before relaxing)
 .debug_str     0x00000000000cbccb       0x78 Core/Src/stm32f4xx_hal_msp.o
                                      0xcb33f (size before relaxing)
 .debug_str     0x00000000000cbd43       0xce Core/Src/stm32f4xx_it.o
                                      0xcad7e (size before relaxing)
 .debug_str     0x00000000000cbe11       0xc4 Core/Src/system_stm32f4xx.o
                                      0xcaa49 (size before relaxing)
 .debug_str     0x00000000000cbed5       0x36 Core/Startup/startup_stm32f429zitx.o
                                         0x6f (size before relaxing)
 .debug_str     0x00000000000cbf0b      0x56f Drivers/STM32F4xx_HAL_Driver/Src/stm32f4xx_hal.o
                                      0xcb5b5 (size before relaxing)
 .debug_str     0x00000000000cc47a      0x399 Drivers/STM32F4xx_HAL_Driver/Src/stm32f4xx_hal_cortex.o
                                      0xcb356 (size before relaxing)
 .debug_str     0x00000000000cc813       0xa2 Drivers/STM32F4xx_HAL_Driver/Src/stm32f4xx_hal_crc.o
                                      0xcaa7b (size before relaxing)
 .debug_str     0x00000000000cc8b5      0x2a4 Drivers/STM32F4xx_HAL_Driver/Src/stm32f4xx_hal_flash.o
                                      0xcac0c (size before relaxing)
 .debug_str     0x00000000000ccb59      0x2ea Drivers/STM32F4xx_HAL_Driver/Src/stm32f4xx_hal_flash_ex.o
                                      0xcada9 (size before relaxing)
 .debug_str     0x00000000000cce43      0x207 Drivers/STM32F4xx_HAL_Driver/Src/stm32f4xx_hal_gpio.o
                                      0xcac88 (size before relaxing)
 .debug_str     0x00000000000cd04a      0x24e Drivers/STM32F4xx_HAL_Driver/Src/stm32f4xx_hal_rcc.o
                                      0xcae36 (size before relaxing)
 .debug_str     0x00000000000cd298      0x521 Drivers/STM32F4xx_HAL_Driver/Src/stm32f4xx_hal_uart.o
                                      0xcb282 (size before relaxing)

.comment        0x0000000000000000       0x7b
 .comment       0x0000000000000000       0x7b Core/Src/main.o
                                         0x7c (size before relaxing)
 .comment       0x000000000000007b       0x7c Core/Src/stm32f4xx_hal_msp.o
 .comment       0x000000000000007b       0x7c Core/Src/stm32f4xx_it.o
 .comment       0x000000000000007b       0x7c Core/Src/system_stm32f4xx.o
 .comment       0x000000000000007b       0x7c Drivers/STM32F4xx_HAL_Driver/Src/stm32f4xx_hal.o
 .comment       0x000000000000007b       0x7c Drivers/STM32F4xx_HAL_Driver/Src/stm32f4xx_hal_cortex.o
 .comment       0x000000000000007b       0x7c Drivers/STM32F4xx_HAL_Driver/Src/stm32f4xx_hal_crc.o
 .comment       0x000000000000007b       0x7c Drivers/STM32F4xx_HAL_Driver/Src/stm32f4xx_hal_flash.o
 .comment       0x000000000000007b       0x7c Drivers/STM32F4xx_HAL_Driver/Src/stm32f4xx_hal_flash_ex.o
 .comment       0x000000000000007b       0x7c Drivers/STM32F4xx_HAL_Driver/Src/stm32f4xx_hal_gpio.o
 .comment       0x000000000000007b       0x7c Drivers/STM32F4xx_HAL_Driver/Src/stm32f4xx_hal_rcc.o
 .comment       0x000000000000007b       0x7c Drivers/STM32F4xx_HAL_Driver/Src/stm32f4xx_hal_uart.o

.debug_frame    0x0000000000000000     0x22c4
 .debug_frame   0x0000000000000000      0x4f4 Core/Src/main.o
 .debug_frame   0x00000000000004f4       0xcc Core/Src/stm32f4xx_hal_msp.o
 .debug_frame   0x00000000000005c0      0x128 Core/Src/stm32f4xx_it.o
 .debug_frame   0x00000000000006e8       0x58 Core/Src/system_stm32f4xx.o
 .debug_frame   0x0000000000000740      0x3b4 Drivers/STM32F4xx_HAL_Driver/Src/stm32f4xx_hal.o
 .debug_frame   0x0000000000000af4      0x498 Drivers/STM32F4xx_HAL_Driver/Src/stm32f4xx_hal_cortex.o
 .debug_frame   0x0000000000000f8c      0x120 Drivers/STM32F4xx_HAL_Driver/Src/stm32f4xx_hal_crc.o
 .debug_frame   0x00000000000010ac      0x274 Drivers/STM32F4xx_HAL_Driver/Src/stm32f4xx_hal_flash.o
 .debug_frame   0x0000000000001320      0x378 Drivers/STM32F4xx_HAL_Driver/Src/stm32f4xx_hal_flash_ex.o
 .debug_frame   0x0000000000001698      0x14c Drivers/STM32F4xx_HAL_Driver/Src/stm32f4xx_hal_gpio.o
 .debug_frame   0x00000000000017e4      0x1f0 Drivers/STM32F4xx_HAL_Driver/Src/stm32f4xx_hal_rcc.o
 .debug_frame   0x00000000000019d4      0x844 Drivers/STM32F4xx_HAL_Driver/Src/stm32f4xx_hal_uart.o
 .debug_frame   0x0000000000002218       0x2c c:/st/stm32cubeide_1.2.0/stm32cubeide/plugins/com.st.stm32cube.ide.mcu.externaltools.gnu-tools-for-stm32.7-2018-q2-update.win32_1.0.0.201904181610/tools/bin/../lib/gcc/arm-none-eabi/7.3.1/../../../../arm-none-eabi/lib/thumb/v7e-m/fpv4-sp/hard\libc_nano.a(lib_a-init.o)
 .debug_frame   0x0000000000002244       0x20 c:/st/stm32cubeide_1.2.0/stm32cubeide/plugins/com.st.stm32cube.ide.mcu.externaltools.gnu-tools-for-stm32.7-2018-q2-update.win32_1.0.0.201904181610/tools/bin/../lib/gcc/arm-none-eabi/7.3.1/../../../../arm-none-eabi/lib/thumb/v7e-m/fpv4-sp/hard\libc_nano.a(lib_a-memset.o)
 .debug_frame   0x0000000000002264       0x2c c:/st/stm32cubeide_1.2.0/stm32cubeide/plugins/com.st.stm32cube.ide.mcu.externaltools.gnu-tools-for-stm32.7-2018-q2-update.win32_1.0.0.201904181610/tools/bin/../lib/gcc/arm-none-eabi/7.3.1/thumb/v7e-m/fpv4-sp/hard\libgcc.a(_aeabi_uldivmod.o)
 .debug_frame   0x0000000000002290       0x34 c:/st/stm32cubeide_1.2.0/stm32cubeide/plugins/com.st.stm32cube.ide.mcu.externaltools.gnu-tools-for-stm32.7-2018-q2-update.win32_1.0.0.201904181610/tools/bin/../lib/gcc/arm-none-eabi/7.3.1/thumb/v7e-m/fpv4-sp/hard\libgcc.a(_udivmoddi4.o)
