main.c:93:5:main	8	static
main.c:155:6:SystemClock_Config	88	static
main.c:199:13:MX_CRC_Init	8	static
main.c:225:13:MX_USART1_UART_Init	8	static
main.c:258:13:MX_USART3_UART_Init	8	static
main.c:291:13:MX_GPIO_Init	48	static
main.c:332:7:bootloader_uart_read_data	16	static
main.c:404:6:bootloader_jump_to_user_app_1	24	static,ignoring_inline_asm
main.c:440:6:bootloader_jump_to_user_app_2	24	static,ignoring_inline_asm
main.c:474:6:printmsg	4	static
main.c:491:6:bootloader_handle_getver_cmd	32	static
main.c:526:6:bootloader_handle_gethelp_cmd	24	static
main.c:551:6:bootloader_handle_getcid_cmd	32	static
main.c:580:6:bootloader_handle_getrdp_cmd	32	static
main.c:609:6:bootloader_handle_go_cmd	40	static
main.c:671:6:bootloader_handle_flash_erase_cmd	32	static
main.c:704:6:bootloader_handle_mem_write_cmd	40	static
main.c:768:6:bootloader_handle_en_rw_protect	32	static
main.c:801:6:bootloader_handle_dis_rw_protect	32	static
main.c:833:6:bootloader_handle_mem_read	16	static
main.c:840:6:bootloader_handle_read_sector_protection_status	32	static
main.c:868:6:bootloader_handle_read_otp	16	static
main.c:875:6:bootloader_send_ack	24	static
main.c:886:6:bootloader_send_nack	16	static
main.c:893:9:bootloader_verify_crc	40	static
main.c:915:6:bootloader_uart_write_data	16	static
main.c:924:9:get_bootloader_version	4	static
main.c:930:10:get_mcu_chip_id	16	static
main.c:948:9:get_flash_rdp_level	16	static
main.c:967:9:verify_address	16	static
main.c:998:9:execute_flash_erase	48	static
main.c:1047:9:execute_mem_write	40	static
main.c:1075:9:configure_flash_sector_rw_protection	24	static
main.c:1171:10:read_OB_rw_protection_status	40	static
main.c:1194:6:_Error_Handler	16	static
